// Jest Snapshot v1, https://goo.gl/fbAQLP

exports[`renders the FoldableCardHierarchy 1`] = `
<main
  className="ant-layout-content"
  style={
    Object {
      "padding": "15px",
    }
  }
>
  <div>
    <main
      className="ant-layout-content"
    >
      <div
        className="ant-collapse ant-collapse-icon-position-start ant-collapse-ghost mcs-foldable-card "
        role={null}
      >
        <div
          className="ant-collapse-item mcs-foldable-card"
        >
          <div
            aria-disabled={false}
            aria-expanded={false}
            className="ant-collapse-header"
            onClick={[Function]}
            onKeyPress={[Function]}
            role="button"
            tabIndex={0}
          >
            <div
              className="ant-collapse-expand-icon"
              onClick={null}
            >
              <span
                aria-label="plus-circle"
                className="anticon anticon-plus-circle ant-collapse-arrow"
                role="img"
              >
                <svg
                  aria-hidden="true"
                  data-icon="plus-circle"
                  fill="currentColor"
                  focusable="false"
                  height="1em"
                  viewBox="64 64 896 896"
                  width="1em"
                >
                  <path
                    d="M696 480H544V328c0-4.4-3.6-8-8-8h-48c-4.4 0-8 3.6-8 8v152H328c-4.4 0-8 3.6-8 8v48c0 4.4 3.6 8 8 8h152v152c0 4.4 3.6 8 8 8h48c4.4 0 8-3.6 8-8V544h152c4.4 0 8-3.6 8-8v-48c0-4.4-3.6-8-8-8z"
                  />
                  <path
                    d="M512 64C264.6 64 64 264.6 64 512s200.6 448 448 448 448-200.6 448-448S759.4 64 512 64zm0 820c-205.4 0-372-166.6-372-372s166.6-372 372-372 372 166.6 372 372-166.6 372-372 372z"
                  />
                </svg>
              </span>
            </div>
            <span
              className="ant-collapse-header-text"
              onClick={null}
            >
              Org1
            </span>
          </div>
        </div>
      </div>
    </main>
    <div
      className="mcs-foldable-card-children-container-first"
    >
      <li
        className="ant-timeline-item mcs-foldable-card-timeline"
      >
        <div
          className="ant-timeline-item-tail"
        />
        <div
          className="ant-timeline-item-head ant-timeline-item-head-custom ant-timeline-item-head-blue"
          style={
            Object {
              "borderColor": undefined,
              "color": undefined,
            }
          }
        >
          <div
            className="mcs-foldable-card-timeline-dash-container"
          >
            <hr
              className="mcs-foldable-card-timeline-dash"
            />
          </div>
        </div>
        <div
          className="ant-timeline-item-content"
        >
          <div
            className="mcs-foldable-card-children-container"
          >
            <div>
              <main
                className="ant-layout-content"
              >
                <div
                  className="ant-collapse ant-collapse-icon-position-start ant-collapse-ghost mcs-foldable-card "
                  role={null}
                >
                  <div
                    className="ant-collapse-item ant-collapse-item-active mcs-foldable-card"
                  >
                    <div
                      aria-disabled={false}
                      aria-expanded={true}
                      className="ant-collapse-header"
                      onClick={[Function]}
                      onKeyPress={[Function]}
                      role="button"
                      tabIndex={0}
                    >
                      <div
                        className="ant-collapse-expand-icon"
                        onClick={null}
                      >
                        <span
                          aria-label="minus-circle"
                          className="anticon anticon-minus-circle ant-collapse-arrow"
                          role="img"
                        >
                          <svg
                            aria-hidden="true"
                            data-icon="minus-circle"
                            fill="currentColor"
                            focusable="false"
                            height="1em"
                            viewBox="64 64 896 896"
                            width="1em"
                          >
                            <path
                              d="M696 480H328c-4.4 0-8 3.6-8 8v48c0 4.4 3.6 8 8 8h368c4.4 0 8-3.6 8-8v-48c0-4.4-3.6-8-8-8z"
                            />
                            <path
                              d="M512 64C264.6 64 64 264.6 64 512s200.6 448 448 448 448-200.6 448-448S759.4 64 512 64zm0 820c-205.4 0-372-166.6-372-372s166.6-372 372-372 372 166.6 372 372-166.6 372-372 372z"
                            />
                          </svg>
                        </span>
                      </div>
                      <span
                        className="ant-collapse-header-text"
                        onClick={null}
                      >
                        Org1.1
                      </span>
                    </div>
                    <div
                      className="ant-collapse-content ant-collapse-content-active"
                      role={null}
                    >
                      <div
                        className="ant-collapse-content-box"
                      >
                        <div>
                          <div>
                            someOrg11Users
                          </div>
                          <div>
                            someOrg11Users
                          </div>
                        </div>
                      </div>
                    </div>
                  </div>
                </div>
              </main>
              <div
                className="mcs-foldable-card-children-container-first"
              >
                <li
                  className="ant-timeline-item mcs-foldable-card-timeline mcs-foldable-card-timeline-last"
                >
                  <div
                    className="ant-timeline-item-tail"
                  />
                  <div
                    className="ant-timeline-item-head ant-timeline-item-head-custom ant-timeline-item-head-blue"
                    style={
                      Object {
                        "borderColor": undefined,
                        "color": undefined,
                      }
                    }
                  >
                    <div
                      className="mcs-foldable-card-timeline-dash-container"
                    >
                      <hr
                        className="mcs-foldable-card-timeline-dash"
                      />
                    </div>
                  </div>
                  <div
                    className="ant-timeline-item-content"
                  >
                    <div
                      className="mcs-foldable-card-children-container"
                    >
                      <div>
                        <main
                          className="ant-layout-content"
                        >
                          <div
                            className="ant-collapse ant-collapse-icon-position-start ant-collapse-ghost mcs-foldable-card "
                            role={null}
                          >
                            <div
                              className="ant-collapse-item mcs-foldable-card"
                            >
                              <div
                                aria-disabled={false}
                                aria-expanded={false}
                                className="ant-collapse-header"
                                onClick={[Function]}
                                onKeyPress={[Function]}
                                role="button"
                                tabIndex={0}
                              >
                                <div
                                  className="ant-collapse-expand-icon"
                                  onClick={null}
                                >
                                  <span
                                    aria-label="plus-circle"
                                    className="anticon anticon-plus-circle ant-collapse-arrow"
                                    role="img"
                                  >
                                    <svg
                                      aria-hidden="true"
                                      data-icon="plus-circle"
                                      fill="currentColor"
                                      focusable="false"
                                      height="1em"
                                      viewBox="64 64 896 896"
                                      width="1em"
                                    >
                                      <path
                                        d="M696 480H544V328c0-4.4-3.6-8-8-8h-48c-4.4 0-8 3.6-8 8v152H328c-4.4 0-8 3.6-8 8v48c0 4.4 3.6 8 8 8h152v152c0 4.4 3.6 8 8 8h48c4.4 0 8-3.6 8-8V544h152c4.4 0 8-3.6 8-8v-48c0-4.4-3.6-8-8-8z"
                                      />
                                      <path
                                        d="M512 64C264.6 64 64 264.6 64 512s200.6 448 448 448 448-200.6 448-448S759.4 64 512 64zm0 820c-205.4 0-372-166.6-372-372s166.6-372 372-372 372 166.6 372 372-166.6 372-372 372z"
                                      />
                                    </svg>
                                  </span>
                                </div>
                                <span
                                  className="ant-collapse-header-text"
                                  onClick={null}
                                >
                                  Org1.1.1
                                </span>
                              </div>
                            </div>
                          </div>
                        </main>
                        <div
                          className="mcs-foldable-card-children-container-first"
                        />
                      </div>
                    </div>
                  </div>
                </li>
              </div>
            </div>
          </div>
        </div>
      </li>
      <li
        className="ant-timeline-item mcs-foldable-card-timeline mcs-foldable-card-timeline-last"
      >
        <div
          className="ant-timeline-item-tail"
        />
        <div
          className="ant-timeline-item-head ant-timeline-item-head-custom ant-timeline-item-head-blue"
          style={
            Object {
              "borderColor": undefined,
              "color": undefined,
            }
          }
        >
          <div
            className="mcs-foldable-card-timeline-dash-container"
          >
            <hr
              className="mcs-foldable-card-timeline-dash"
            />
          </div>
        </div>
        <div
          className="ant-timeline-item-content"
        >
          <div
            className="mcs-foldable-card-children-container"
          >
            <div>
              <main
                className="ant-layout-content"
              >
                <div
                  className="ant-collapse ant-collapse-icon-position-start ant-collapse-ghost mcs-foldable-card "
                  role={null}
                >
                  <div
                    className="ant-collapse-item mcs-foldable-card"
                  >
                    <div
                      aria-disabled={false}
                      aria-expanded={false}
                      className="ant-collapse-header"
                      onClick={[Function]}
                      onKeyPress={[Function]}
                      role="button"
                      tabIndex={0}
                    >
                      <div
                        className="ant-collapse-expand-icon"
                        onClick={null}
                      >
                        <span
                          aria-label="plus-circle"
                          className="anticon anticon-plus-circle ant-collapse-arrow"
                          role="img"
                        >
                          <svg
                            aria-hidden="true"
                            data-icon="plus-circle"
                            fill="currentColor"
                            focusable="false"
                            height="1em"
                            viewBox="64 64 896 896"
                            width="1em"
                          >
                            <path
                              d="M696 480H544V328c0-4.4-3.6-8-8-8h-48c-4.4 0-8 3.6-8 8v152H328c-4.4 0-8 3.6-8 8v48c0 4.4 3.6 8 8 8h152v152c0 4.4 3.6 8 8 8h48c4.4 0 8-3.6 8-8V544h152c4.4 0 8-3.6 8-8v-48c0-4.4-3.6-8-8-8z"
                            />
                            <path
                              d="M512 64C264.6 64 64 264.6 64 512s200.6 448 448 448 448-200.6 448-448S759.4 64 512 64zm0 820c-205.4 0-372-166.6-372-372s166.6-372 372-372 372 166.6 372 372-166.6 372-372 372z"
                            />
                          </svg>
                        </span>
                      </div>
                      <span
                        className="ant-collapse-header-text"
                        onClick={null}
                      >
                        Org1.2
                      </span>
                    </div>
                  </div>
                </div>
              </main>
              <div
                className="mcs-foldable-card-children-container-first"
              />
            </div>
          </div>
        </div>
      </li>
    </div>
  </div>
</main>
`;
