// Jest Snapshot v1, https://goo.gl/fbAQLP

exports[`renders a basic tableSelector 1`] = `
<section
  className="ant-layout mcs-selector-layout"
>
  <div
    className="ant-row ant-row-space-between ant-row-middle mcs-actionbar-edit "
    style={Object {}}
  >
    <div
      className="ant-breadcrumb mcs-breadcrumb"
    >
      <span>
        <span
          className="ant-breadcrumb-link"
        >
          This is the Table Selector Title
        </span>
        <span
          className="ant-breadcrumb-separator"
        >
          <span
            className="mcs-icon "
          >
            <i
              className="mcs-chevron-right"
              style={Object {}}
            />
          </span>
        </span>
      </span>
    </div>
    <div
      className="left-part-margin"
    >
      <button
        className="ant-btn add-button"
        onClick={[Function]}
        type="button"
      >
        <span
          className="mcs-icon "
        >
          <i
            className="mcs-plus"
            style={Object {}}
          />
        </span>
        <span>
          Add
        </span>
      </button>
      <span
        className="mcs-icon close-icon mcs-table-cursor"
        onClick={[Function]}
      >
        <i
          className="mcs-close"
          style={Object {}}
        />
      </span>
    </div>
  </div>
  <section
    className="ant-layout"
  >
    <main
      className="ant-layout-content mcs-edit-container mcs-table-edit-container"
    >
      <div>
        <div
          className="ant-row mcs-table-header"
          style={Object {}}
        >
          <div
            className="ant-col ant-col-6"
            style={Object {}}
          >
            <span
              className="ant-input-group-wrapper ant-input-search mcs-search-input"
            >
              <span
                className="ant-input-wrapper ant-input-group"
              >
                <input
                  className="ant-input"
                  onBlur={[Function]}
                  onChange={[Function]}
                  onFocus={[Function]}
                  onKeyDown={[Function]}
                  placeholder="Search placeholder"
                  style={null}
                  type="text"
                  value=""
                />
                <span
                  className="ant-input-group-addon"
                >
                  <button
                    className="ant-btn ant-btn-icon-only ant-input-search-button"
                    onClick={[Function]}
                    onMouseDown={[Function]}
                    type="button"
                  >
                    <span
                      aria-label="search"
                      className="anticon anticon-search"
                      role="img"
                    >
                      <svg
                        aria-hidden="true"
                        data-icon="search"
                        fill="currentColor"
                        focusable="false"
                        height="1em"
                        viewBox="64 64 896 896"
                        width="1em"
                      >
                        <path
                          d="M909.6 854.5L649.9 594.8C690.2 542.7 712 479 712 412c0-80.2-31.3-155.4-87.9-212.1-56.6-56.7-132-87.9-212.1-87.9s-155.5 31.3-212.1 87.9C143.2 256.5 112 331.8 112 412c0 80.1 31.3 155.5 87.9 212.1C256.5 680.8 331.8 712 412 712c67 0 130.6-21.8 182.7-62l259.7 259.6a8.2 8.2 0 0011.6 0l43.6-43.5a8.2 8.2 0 000-11.6zM570.4 570.4C528 612.7 471.8 636 412 636s-116-23.3-158.4-65.6C211.3 528 188 471.8 188 412s23.3-116.1 65.6-158.4C296 211.3 352.2 188 412 188s116.1 23.2 158.4 65.6S636 352.2 636 412s-23.3 116.1-65.6 158.4z"
                        />
                      </svg>
                    </span>
                  </button>
                </span>
              </span>
            </span>
          </div>
          <div
            className="ant-col ant-col-18 mcs-table-header-right"
            style={Object {}}
          >
            <span
              id="ckr0m8gkw0000w0hq4r212w1u"
            >
              <button
                className="ant-btn ant-dropdown-trigger mcs-table-filters-item"
                onClick={[Function]}
                onMouseDown={[Function]}
                onTouchStart={[Function]}
                type="button"
              >
                <div>
                  Service Type
                  <span
                    aria-label="down"
                    className="anticon anticon-down"
                    role="img"
                  >
                    <svg
                      aria-hidden="true"
                      data-icon="down"
                      fill="currentColor"
                      focusable="false"
                      height="1em"
                      viewBox="64 64 896 896"
                      width="1em"
                    >
                      <path
                        d="M884 256h-75c-5.1 0-9.9 2.5-12.9 6.6L512 654.2 227.9 262.6c-3-4.1-7.8-6.6-12.9-6.6h-75c-6.5 0-10.3 7.4-6.5 12.7l352.6 486.1c12.8 17.6 39 17.6 51.7 0l352.6-486.1c3.9-5.3.1-12.7-6.4-12.7z"
                      />
                    </svg>
                  </span>
                </div>
              </button>
            </span>
          </div>
        </div>
        <div
          className="ant-row mcs-table-body"
          style={Object {}}
        >
          <div
            className="ant-col ant-col-24"
            style={Object {}}
          >
            <div
              className="mcs-table-view"
            >
              <div
                className="ant-table-wrapper"
              >
                <div
                  className="ant-spin-nested-loading"
                >
                  <div>
                    <div
                      className="ant-spin ant-spin-spinning"
                    >
                      <span
                        className="ant-spin-dot ant-spin-dot-spin"
                      >
                        <i
                          className="ant-spin-dot-item"
                        />
                        <i
                          className="ant-spin-dot-item"
                        />
                        <i
                          className="ant-spin-dot-item"
                        />
                        <i
                          className="ant-spin-dot-item"
                        />
                      </span>
                    </div>
                  </div>
                  <div
                    className="ant-spin-container ant-spin-blur"
                  >
                    <div
                      className="ant-table ant-table-empty"
                    >
                      <div
                        className="ant-table-container"
                      >
                        <div
                          className="ant-table-content"
                          onScroll={[Function]}
                          style={Object {}}
                        >
                          <table
                            style={
                              Object {
                                "tableLayout": "auto",
                              }
                            }
                          >
                            <colgroup />
                            <thead
                              className="ant-table-thead"
                            >
                              <tr>
                                <th
                                  className="ant-table-cell"
                                  colSpan={null}
                                  rowSpan={null}
                                  style={Object {}}
                                />
                                <th
                                  className="ant-table-cell"
                                  colSpan={null}
                                  rowSpan={null}
                                  style={Object {}}
                                >
                                  Name
                                </th>
                                <th
                                  className="ant-table-cell"
                                  colSpan={null}
                                  rowSpan={null}
                                  style={Object {}}
                                >
                                  Description
                                </th>
                                <th
                                  className="ant-table-cell"
                                  colSpan={null}
                                  rowSpan={null}
                                  style={Object {}}
                                >
                                  Metric
                                </th>
                                <th
                                  className="ant-table-cell"
                                  colSpan={null}
                                  rowSpan={null}
                                  style={Object {}}
                                >
                                  Status
                                </th>
                              </tr>
                            </thead>
                            <tbody
                              className="ant-table-tbody"
                            >
                              <tr
                                className="ant-table-placeholder"
                                style={
                                  Object {
                                    "display": null,
                                  }
                                }
                              >
                                <td
                                  className="ant-table-cell"
                                  colSpan={5}
                                  rowSpan={null}
                                  style={Object {}}
                                >
                                  <div
                                    className="ant-empty ant-empty-normal"
                                  >
                                    <div
                                      className="ant-empty-image"
                                    >
                                      <svg
                                        className="ant-empty-img-simple"
                                        height="41"
                                        viewBox="0 0 64 41"
                                        width="64"
                                        xmlns="http://www.w3.org/2000/svg"
                                      >
                                        <g
                                          fill="none"
                                          fillRule="evenodd"
                                          transform="translate(0 1)"
                                        >
                                          <ellipse
                                            className="ant-empty-img-simple-ellipse"
                                            cx="32"
                                            cy="33"
                                            rx="32"
                                            ry="7"
                                          />
                                          <g
                                            className="ant-empty-img-simple-g"
                                            fillRule="nonzero"
                                          >
                                            <path
                                              d="M55 12.76L44.854 1.258C44.367.474 43.656 0 42.907 0H21.093c-.749 0-1.46.474-1.947 1.257L9 12.761V22h46v-9.24z"
                                            />
                                            <path
                                              className="ant-empty-img-simple-path"
                                              d="M41.613 15.931c0-1.605.994-2.93 2.227-2.931H55v18.137C55 33.26 53.68 35 52.05 35h-40.1C10.32 35 9 33.259 9 31.137V13h11.16c1.233 0 2.227 1.323 2.227 2.928v.022c0 1.605 1.005 2.901 2.237 2.901h14.752c1.232 0 2.237-1.308 2.237-2.913v-.007z"
                                            />
                                          </g>
                                        </g>
                                      </svg>
                                    </div>
                                    <p
                                      className="ant-empty-description"
                                    >
                                      No Data
                                    </p>
                                  </div>
                                </td>
                              </tr>
                            </tbody>
                          </table>
                        </div>
                      </div>
                    </div>
                  </div>
                </div>
              </div>
            </div>
          </div>
        </div>
      </div>
    </main>
  </section>
</section>
`;
