// Jest Snapshot v1, https://goo.gl/fbAQLP

exports[`should render a date range picker without the start date 1`] = `
<div
  style={
    Object {
      "display": "inline",
    }
  }
>
  <span
    id="123"
  >
    <button
      className="ant-btn ant-btn-default ant-dropdown-trigger mcs-dateRangePicker "
      disabled={false}
      onClick={[Function]}
      onMouseDown={[Function]}
      onTouchStart={[Function]}
      type="button"
    >
      <span
        aria-label="clock-circle"
        className="anticon anticon-clock-circle"
        role="img"
      >
        <svg
          aria-hidden="true"
          data-icon="clock-circle"
          fill="currentColor"
          focusable="false"
          height="1em"
          viewBox="64 64 896 896"
          width="1em"
        >
          <path
            d="M512 64C264.6 64 64 264.6 64 512s200.6 448 448 448 448-200.6 448-448S759.4 64 512 64zm0 820c-205.4 0-372-166.6-372-372s166.6-372 372-372 372 166.6 372 372-166.6 372-372 372z"
          />
          <path
            d="M686.7 638.6L544.1 535.5V288c0-4.4-3.6-8-8-8H488c-4.4 0-8 3.6-8 8v275.4c0 2.6 1.2 5 3.3 6.5l165.4 120.6c3.6 2.6 8.6 1.8 11.2-1.7l28.6-39c2.6-3.7 1.8-8.7-1.8-11.2z"
          />
        </svg>
      </span>
      <span>
        2020-08-02 ~ 2020-08-03
      </span>
      <span
        aria-label="down"
        className="anticon anticon-down"
        role="img"
      >
        <svg
          aria-hidden="true"
          data-icon="down"
          fill="currentColor"
          focusable="false"
          height="1em"
          viewBox="64 64 896 896"
          width="1em"
        >
          <path
            d="M884 256h-75c-5.1 0-9.9 2.5-12.9 6.6L512 654.2 227.9 262.6c-3-4.1-7.8-6.6-12.9-6.6h-75c-6.5 0-10.3 7.4-6.5 12.7l352.6 486.1c12.8 17.6 39 17.6 51.7 0l352.6-486.1c3.9-5.3.1-12.7-6.4-12.7z"
          />
        </svg>
      </span>
    </button>
  </span>
</div>
`;

exports[`should render a disabled date range picker 1`] = `
<div
  style={
    Object {
      "display": "inline",
    }
  }
>
  <span
    id="123"
  >
    <button
      className="ant-btn ant-btn-default ant-dropdown-trigger mcs-dateRangePicker "
      disabled={true}
      onClick={[Function]}
      type="button"
    >
      <span
        aria-label="clock-circle"
        className="anticon anticon-clock-circle"
        role="img"
      >
        <svg
          aria-hidden="true"
          data-icon="clock-circle"
          fill="currentColor"
          focusable="false"
          height="1em"
          viewBox="64 64 896 896"
          width="1em"
        >
          <path
            d="M512 64C264.6 64 64 264.6 64 512s200.6 448 448 448 448-200.6 448-448S759.4 64 512 64zm0 820c-205.4 0-372-166.6-372-372s166.6-372 372-372 372 166.6 372 372-166.6 372-372 372z"
          />
          <path
            d="M686.7 638.6L544.1 535.5V288c0-4.4-3.6-8-8-8H488c-4.4 0-8 3.6-8 8v275.4c0 2.6 1.2 5 3.3 6.5l165.4 120.6c3.6 2.6 8.6 1.8 11.2-1.7l28.6-39c2.6-3.7 1.8-8.7-1.8-11.2z"
          />
        </svg>
      </span>
      <span>
        2020-08-03 ~ 2020-08-04
      </span>
      <span
        aria-label="down"
        className="anticon anticon-down"
        role="img"
      >
        <svg
          aria-hidden="true"
          data-icon="down"
          fill="currentColor"
          focusable="false"
          height="1em"
          viewBox="64 64 896 896"
          width="1em"
        >
          <path
            d="M884 256h-75c-5.1 0-9.9 2.5-12.9 6.6L512 654.2 227.9 262.6c-3-4.1-7.8-6.6-12.9-6.6h-75c-6.5 0-10.3 7.4-6.5 12.7l352.6 486.1c12.8 17.6 39 17.6 51.7 0l352.6-486.1c3.9-5.3.1-12.7-6.4-12.7z"
          />
        </svg>
      </span>
    </button>
  </span>
</div>
`;
