// Jest Snapshot v1, https://goo.gl/fbAQLP

exports[`renders the Origin 1`] = `
<div
  className="ant-row section table-line border-top"
  style={
    Object {
      "marginLeft": -5,
      "marginRight": -5,
    }
  }
>
  <div
    className="ant-col ant-col-5 section-title"
    style={
      Object {
        "paddingLeft": 5,
        "paddingRight": 5,
      }
    }
  >
    <span>
      Origin
    </span>
  </div>
  <div
    className="ant-col ant-col-19"
    style={
      Object {
        "paddingLeft": 5,
        "paddingRight": 5,
      }
    }
  >
    <div>
      <div
        className="ant-col ant-col-12 table-left"
        style={
          Object {
            "paddingLeft": 5,
            "paddingRight": 5,
          }
        }
      >
        <span>
          <span
            onMouseEnter={[Function]}
            onMouseLeave={[Function]}
          >
            $channel
          </span>
        </span>
      </div>
      <div
        className="ant-col ant-col-12 table-right"
        style={
          Object {
            "paddingLeft": 5,
            "paddingRight": 5,
          }
        }
      >
        <span>
          <span
            onMouseEnter={[Function]}
            onMouseLeave={[Function]}
          >
            referral
          </span>
        </span>
      </div>
    </div>
    <div>
      <div
        className="ant-col ant-col-12 table-left"
        style={
          Object {
            "paddingLeft": 5,
            "paddingRight": 5,
          }
        }
      >
        <span>
          <span
            onMouseEnter={[Function]}
            onMouseLeave={[Function]}
          >
            $referral_path
          </span>
        </span>
      </div>
      <div
        className="ant-col ant-col-12 table-right"
        style={
          Object {
            "paddingLeft": 5,
            "paddingRight": 5,
          }
        }
      >
        <span>
          <span
            onMouseEnter={[Function]}
            onMouseLeave={[Function]}
          >
            https://www.google.com/
          </span>
        </span>
      </div>
    </div>
    <div>
      <div
        className="ant-col ant-col-12 table-left"
        style={
          Object {
            "paddingLeft": 5,
            "paddingRight": 5,
          }
        }
      >
        <span>
          <span
            onMouseEnter={[Function]}
            onMouseLeave={[Function]}
          >
            $source
          </span>
        </span>
      </div>
      <div
        className="ant-col ant-col-12 table-right"
        style={
          Object {
            "paddingLeft": 5,
            "paddingRight": 5,
          }
        }
      >
        <span>
          <span
            onMouseEnter={[Function]}
            onMouseLeave={[Function]}
          >
            www.google.com
          </span>
        </span>
      </div>
    </div>
    <div>
      <div
        className="ant-col ant-col-12 table-left"
        style={
          Object {
            "paddingLeft": 5,
            "paddingRight": 5,
          }
        }
      >
        <span>
          <span
            onMouseEnter={[Function]}
            onMouseLeave={[Function]}
          >
            $ts
          </span>
        </span>
      </div>
      <div
        className="ant-col ant-col-12 table-right"
        style={
          Object {
            "paddingLeft": 5,
            "paddingRight": 5,
          }
        }
      >
        <span>
          <span
            onMouseEnter={[Function]}
            onMouseLeave={[Function]}
          >
            2019–11–13T12:34:56+00:00
          </span>
        </span>
      </div>
    </div>
  </div>
</div>
`;
