// Jest Snapshot v1, https://goo.gl/fbAQLP

exports[`renders the Button 1`] = `
<button
  className="mcs-button "
  onClick={[Function]}
  style={
    Object {
      "cursor": "pointer",
    }
  }
  type="button"
>
  Add audience feature
</button>
`;
