// Jest Snapshot v1, https://goo.gl/fbAQLP

exports[`renders the UserScenarioActivityCard 1`] = `
<div
  className="ant-row mcs-card-container "
  style={Object {}}
>
  <div
    className="ant-row mcs-card-header"
  >
    <div
      className="ant-col ant-col-24"
    >
      <span
        className="mcs-card-title"
      >
        Scenario item not found
      </span>
    </div>
  </div>
  <div
    className="ant-row"
    style={Object {}}
  >
    <div
      className="ant-row"
    >
      <div
        className="mcs-card-content-text"
      >
        
      </div>
    </div>
    <div
      className="ant-row border-top sm-footer timed-footer text-right"
    >
      8:59:25
    </div>
  </div>
</div>
`;
