// Jest Snapshot v1, https://goo.gl/fbAQLP

exports[`renders the metrics highlight 1`] = `
initialize {
  "0": Node {
    "attribs": Object {
      "class": "mcs-metrics-column",
    },
    "children": Array [
      Node {
        "attribs": Object {
          "class": "ant-row",
        },
        "children": Array [
          Node {
            "attribs": Object {
              "class": "ant-col ant-col-8",
            },
            "children": Array [
              Node {
                "attribs": Object {
                  "class": "mcs-metrics-column_title",
                },
                "children": Array [
                  Node {
                    "data": "TestMetric1",
                    "next": null,
                    "parent": [Circular],
                    "prev": null,
                    "type": "text",
                  },
                ],
                "name": "div",
                "namespace": "http://www.w3.org/1999/xhtml",
                "next": Node {
                  "attribs": Object {
                    "class": "mcs-metrics-column_metric",
                  },
                  "children": Array [
                    Node {
                      "data": "1",
                      "next": null,
                      "parent": [Circular],
                      "prev": null,
                      "type": "text",
                    },
                  ],
                  "name": "div",
                  "namespace": "http://www.w3.org/1999/xhtml",
                  "next": null,
                  "parent": [Circular],
                  "prev": [Circular],
                  "type": "tag",
                  "x-attribsNamespace": Object {
                    "class": undefined,
                  },
                  "x-attribsPrefix": Object {
                    "class": undefined,
                  },
                },
                "parent": [Circular],
                "prev": null,
                "type": "tag",
                "x-attribsNamespace": Object {
                  "class": undefined,
                },
                "x-attribsPrefix": Object {
                  "class": undefined,
                },
              },
              Node {
                "attribs": Object {
                  "class": "mcs-metrics-column_metric",
                },
                "children": Array [
                  Node {
                    "data": "1",
                    "next": null,
                    "parent": [Circular],
                    "prev": null,
                    "type": "text",
                  },
                ],
                "name": "div",
                "namespace": "http://www.w3.org/1999/xhtml",
                "next": null,
                "parent": [Circular],
                "prev": Node {
                  "attribs": Object {
                    "class": "mcs-metrics-column_title",
                  },
                  "children": Array [
                    Node {
                      "data": "TestMetric1",
                      "next": null,
                      "parent": [Circular],
                      "prev": null,
                      "type": "text",
                    },
                  ],
                  "name": "div",
                  "namespace": "http://www.w3.org/1999/xhtml",
                  "next": [Circular],
                  "parent": [Circular],
                  "prev": null,
                  "type": "tag",
                  "x-attribsNamespace": Object {
                    "class": undefined,
                  },
                  "x-attribsPrefix": Object {
                    "class": undefined,
                  },
                },
                "type": "tag",
                "x-attribsNamespace": Object {
                  "class": undefined,
                },
                "x-attribsPrefix": Object {
                  "class": undefined,
                },
              },
            ],
            "name": "div",
            "namespace": "http://www.w3.org/1999/xhtml",
            "next": Node {
              "attribs": Object {
                "class": "ant-col ant-col-8",
              },
              "children": Array [
                Node {
                  "attribs": Object {
                    "class": "mcs-metrics-column_title",
                  },
                  "children": Array [
                    Node {
                      "data": "TestMetric2",
                      "next": null,
                      "parent": [Circular],
                      "prev": null,
                      "type": "text",
                    },
                  ],
                  "name": "div",
                  "namespace": "http://www.w3.org/1999/xhtml",
                  "next": Node {
                    "attribs": Object {
                      "class": "mcs-metrics-column_metric",
                    },
                    "children": Array [
                      Node {
                        "data": "2",
                        "next": null,
                        "parent": [Circular],
                        "prev": null,
                        "type": "text",
                      },
                    ],
                    "name": "div",
                    "namespace": "http://www.w3.org/1999/xhtml",
                    "next": null,
                    "parent": [Circular],
                    "prev": [Circular],
                    "type": "tag",
                    "x-attribsNamespace": Object {
                      "class": undefined,
                    },
                    "x-attribsPrefix": Object {
                      "class": undefined,
                    },
                  },
                  "parent": [Circular],
                  "prev": null,
                  "type": "tag",
                  "x-attribsNamespace": Object {
                    "class": undefined,
                  },
                  "x-attribsPrefix": Object {
                    "class": undefined,
                  },
                },
                Node {
                  "attribs": Object {
                    "class": "mcs-metrics-column_metric",
                  },
                  "children": Array [
                    Node {
                      "data": "2",
                      "next": null,
                      "parent": [Circular],
                      "prev": null,
                      "type": "text",
                    },
                  ],
                  "name": "div",
                  "namespace": "http://www.w3.org/1999/xhtml",
                  "next": null,
                  "parent": [Circular],
                  "prev": Node {
                    "attribs": Object {
                      "class": "mcs-metrics-column_title",
                    },
                    "children": Array [
                      Node {
                        "data": "TestMetric2",
                        "next": null,
                        "parent": [Circular],
                        "prev": null,
                        "type": "text",
                      },
                    ],
                    "name": "div",
                    "namespace": "http://www.w3.org/1999/xhtml",
                    "next": [Circular],
                    "parent": [Circular],
                    "prev": null,
                    "type": "tag",
                    "x-attribsNamespace": Object {
                      "class": undefined,
                    },
                    "x-attribsPrefix": Object {
                      "class": undefined,
                    },
                  },
                  "type": "tag",
                  "x-attribsNamespace": Object {
                    "class": undefined,
                  },
                  "x-attribsPrefix": Object {
                    "class": undefined,
                  },
                },
              ],
              "name": "div",
              "namespace": "http://www.w3.org/1999/xhtml",
              "next": Node {
                "attribs": Object {
                  "class": "ant-col ant-col-8",
                },
                "children": Array [
                  Node {
                    "attribs": Object {
                      "class": "mcs-metrics-column_title",
                    },
                    "children": Array [
                      Node {
                        "data": "TestMetric3",
                        "next": null,
                        "parent": [Circular],
                        "prev": null,
                        "type": "text",
                      },
                    ],
                    "name": "div",
                    "namespace": "http://www.w3.org/1999/xhtml",
                    "next": Node {
                      "attribs": Object {
                        "class": "mcs-metrics-column_metric",
                      },
                      "children": Array [
                        Node {
                          "data": "3",
                          "next": null,
                          "parent": [Circular],
                          "prev": null,
                          "type": "text",
                        },
                      ],
                      "name": "div",
                      "namespace": "http://www.w3.org/1999/xhtml",
                      "next": null,
                      "parent": [Circular],
                      "prev": [Circular],
                      "type": "tag",
                      "x-attribsNamespace": Object {
                        "class": undefined,
                      },
                      "x-attribsPrefix": Object {
                        "class": undefined,
                      },
                    },
                    "parent": [Circular],
                    "prev": null,
                    "type": "tag",
                    "x-attribsNamespace": Object {
                      "class": undefined,
                    },
                    "x-attribsPrefix": Object {
                      "class": undefined,
                    },
                  },
                  Node {
                    "attribs": Object {
                      "class": "mcs-metrics-column_metric",
                    },
                    "children": Array [
                      Node {
                        "data": "3",
                        "next": null,
                        "parent": [Circular],
                        "prev": null,
                        "type": "text",
                      },
                    ],
                    "name": "div",
                    "namespace": "http://www.w3.org/1999/xhtml",
                    "next": null,
                    "parent": [Circular],
                    "prev": Node {
                      "attribs": Object {
                        "class": "mcs-metrics-column_title",
                      },
                      "children": Array [
                        Node {
                          "data": "TestMetric3",
                          "next": null,
                          "parent": [Circular],
                          "prev": null,
                          "type": "text",
                        },
                      ],
                      "name": "div",
                      "namespace": "http://www.w3.org/1999/xhtml",
                      "next": [Circular],
                      "parent": [Circular],
                      "prev": null,
                      "type": "tag",
                      "x-attribsNamespace": Object {
                        "class": undefined,
                      },
                      "x-attribsPrefix": Object {
                        "class": undefined,
                      },
                    },
                    "type": "tag",
                    "x-attribsNamespace": Object {
                      "class": undefined,
                    },
                    "x-attribsPrefix": Object {
                      "class": undefined,
                    },
                  },
                ],
                "name": "div",
                "namespace": "http://www.w3.org/1999/xhtml",
                "next": null,
                "parent": [Circular],
                "prev": [Circular],
                "type": "tag",
                "x-attribsNamespace": Object {
                  "class": undefined,
                },
                "x-attribsPrefix": Object {
                  "class": undefined,
                },
              },
              "parent": [Circular],
              "prev": [Circular],
              "type": "tag",
              "x-attribsNamespace": Object {
                "class": undefined,
              },
              "x-attribsPrefix": Object {
                "class": undefined,
              },
            },
            "parent": [Circular],
            "prev": null,
            "type": "tag",
            "x-attribsNamespace": Object {
              "class": undefined,
            },
            "x-attribsPrefix": Object {
              "class": undefined,
            },
          },
          Node {
            "attribs": Object {
              "class": "ant-col ant-col-8",
            },
            "children": Array [
              Node {
                "attribs": Object {
                  "class": "mcs-metrics-column_title",
                },
                "children": Array [
                  Node {
                    "data": "TestMetric2",
                    "next": null,
                    "parent": [Circular],
                    "prev": null,
                    "type": "text",
                  },
                ],
                "name": "div",
                "namespace": "http://www.w3.org/1999/xhtml",
                "next": Node {
                  "attribs": Object {
                    "class": "mcs-metrics-column_metric",
                  },
                  "children": Array [
                    Node {
                      "data": "2",
                      "next": null,
                      "parent": [Circular],
                      "prev": null,
                      "type": "text",
                    },
                  ],
                  "name": "div",
                  "namespace": "http://www.w3.org/1999/xhtml",
                  "next": null,
                  "parent": [Circular],
                  "prev": [Circular],
                  "type": "tag",
                  "x-attribsNamespace": Object {
                    "class": undefined,
                  },
                  "x-attribsPrefix": Object {
                    "class": undefined,
                  },
                },
                "parent": [Circular],
                "prev": null,
                "type": "tag",
                "x-attribsNamespace": Object {
                  "class": undefined,
                },
                "x-attribsPrefix": Object {
                  "class": undefined,
                },
              },
              Node {
                "attribs": Object {
                  "class": "mcs-metrics-column_metric",
                },
                "children": Array [
                  Node {
                    "data": "2",
                    "next": null,
                    "parent": [Circular],
                    "prev": null,
                    "type": "text",
                  },
                ],
                "name": "div",
                "namespace": "http://www.w3.org/1999/xhtml",
                "next": null,
                "parent": [Circular],
                "prev": Node {
                  "attribs": Object {
                    "class": "mcs-metrics-column_title",
                  },
                  "children": Array [
                    Node {
                      "data": "TestMetric2",
                      "next": null,
                      "parent": [Circular],
                      "prev": null,
                      "type": "text",
                    },
                  ],
                  "name": "div",
                  "namespace": "http://www.w3.org/1999/xhtml",
                  "next": [Circular],
                  "parent": [Circular],
                  "prev": null,
                  "type": "tag",
                  "x-attribsNamespace": Object {
                    "class": undefined,
                  },
                  "x-attribsPrefix": Object {
                    "class": undefined,
                  },
                },
                "type": "tag",
                "x-attribsNamespace": Object {
                  "class": undefined,
                },
                "x-attribsPrefix": Object {
                  "class": undefined,
                },
              },
            ],
            "name": "div",
            "namespace": "http://www.w3.org/1999/xhtml",
            "next": Node {
              "attribs": Object {
                "class": "ant-col ant-col-8",
              },
              "children": Array [
                Node {
                  "attribs": Object {
                    "class": "mcs-metrics-column_title",
                  },
                  "children": Array [
                    Node {
                      "data": "TestMetric3",
                      "next": null,
                      "parent": [Circular],
                      "prev": null,
                      "type": "text",
                    },
                  ],
                  "name": "div",
                  "namespace": "http://www.w3.org/1999/xhtml",
                  "next": Node {
                    "attribs": Object {
                      "class": "mcs-metrics-column_metric",
                    },
                    "children": Array [
                      Node {
                        "data": "3",
                        "next": null,
                        "parent": [Circular],
                        "prev": null,
                        "type": "text",
                      },
                    ],
                    "name": "div",
                    "namespace": "http://www.w3.org/1999/xhtml",
                    "next": null,
                    "parent": [Circular],
                    "prev": [Circular],
                    "type": "tag",
                    "x-attribsNamespace": Object {
                      "class": undefined,
                    },
                    "x-attribsPrefix": Object {
                      "class": undefined,
                    },
                  },
                  "parent": [Circular],
                  "prev": null,
                  "type": "tag",
                  "x-attribsNamespace": Object {
                    "class": undefined,
                  },
                  "x-attribsPrefix": Object {
                    "class": undefined,
                  },
                },
                Node {
                  "attribs": Object {
                    "class": "mcs-metrics-column_metric",
                  },
                  "children": Array [
                    Node {
                      "data": "3",
                      "next": null,
                      "parent": [Circular],
                      "prev": null,
                      "type": "text",
                    },
                  ],
                  "name": "div",
                  "namespace": "http://www.w3.org/1999/xhtml",
                  "next": null,
                  "parent": [Circular],
                  "prev": Node {
                    "attribs": Object {
                      "class": "mcs-metrics-column_title",
                    },
                    "children": Array [
                      Node {
                        "data": "TestMetric3",
                        "next": null,
                        "parent": [Circular],
                        "prev": null,
                        "type": "text",
                      },
                    ],
                    "name": "div",
                    "namespace": "http://www.w3.org/1999/xhtml",
                    "next": [Circular],
                    "parent": [Circular],
                    "prev": null,
                    "type": "tag",
                    "x-attribsNamespace": Object {
                      "class": undefined,
                    },
                    "x-attribsPrefix": Object {
                      "class": undefined,
                    },
                  },
                  "type": "tag",
                  "x-attribsNamespace": Object {
                    "class": undefined,
                  },
                  "x-attribsPrefix": Object {
                    "class": undefined,
                  },
                },
              ],
              "name": "div",
              "namespace": "http://www.w3.org/1999/xhtml",
              "next": null,
              "parent": [Circular],
              "prev": [Circular],
              "type": "tag",
              "x-attribsNamespace": Object {
                "class": undefined,
              },
              "x-attribsPrefix": Object {
                "class": undefined,
              },
            },
            "parent": [Circular],
            "prev": Node {
              "attribs": Object {
                "class": "ant-col ant-col-8",
              },
              "children": Array [
                Node {
                  "attribs": Object {
                    "class": "mcs-metrics-column_title",
                  },
                  "children": Array [
                    Node {
                      "data": "TestMetric1",
                      "next": null,
                      "parent": [Circular],
                      "prev": null,
                      "type": "text",
                    },
                  ],
                  "name": "div",
                  "namespace": "http://www.w3.org/1999/xhtml",
                  "next": Node {
                    "attribs": Object {
                      "class": "mcs-metrics-column_metric",
                    },
                    "children": Array [
                      Node {
                        "data": "1",
                        "next": null,
                        "parent": [Circular],
                        "prev": null,
                        "type": "text",
                      },
                    ],
                    "name": "div",
                    "namespace": "http://www.w3.org/1999/xhtml",
                    "next": null,
                    "parent": [Circular],
                    "prev": [Circular],
                    "type": "tag",
                    "x-attribsNamespace": Object {
                      "class": undefined,
                    },
                    "x-attribsPrefix": Object {
                      "class": undefined,
                    },
                  },
                  "parent": [Circular],
                  "prev": null,
                  "type": "tag",
                  "x-attribsNamespace": Object {
                    "class": undefined,
                  },
                  "x-attribsPrefix": Object {
                    "class": undefined,
                  },
                },
                Node {
                  "attribs": Object {
                    "class": "mcs-metrics-column_metric",
                  },
                  "children": Array [
                    Node {
                      "data": "1",
                      "next": null,
                      "parent": [Circular],
                      "prev": null,
                      "type": "text",
                    },
                  ],
                  "name": "div",
                  "namespace": "http://www.w3.org/1999/xhtml",
                  "next": null,
                  "parent": [Circular],
                  "prev": Node {
                    "attribs": Object {
                      "class": "mcs-metrics-column_title",
                    },
                    "children": Array [
                      Node {
                        "data": "TestMetric1",
                        "next": null,
                        "parent": [Circular],
                        "prev": null,
                        "type": "text",
                      },
                    ],
                    "name": "div",
                    "namespace": "http://www.w3.org/1999/xhtml",
                    "next": [Circular],
                    "parent": [Circular],
                    "prev": null,
                    "type": "tag",
                    "x-attribsNamespace": Object {
                      "class": undefined,
                    },
                    "x-attribsPrefix": Object {
                      "class": undefined,
                    },
                  },
                  "type": "tag",
                  "x-attribsNamespace": Object {
                    "class": undefined,
                  },
                  "x-attribsPrefix": Object {
                    "class": undefined,
                  },
                },
              ],
              "name": "div",
              "namespace": "http://www.w3.org/1999/xhtml",
              "next": [Circular],
              "parent": [Circular],
              "prev": null,
              "type": "tag",
              "x-attribsNamespace": Object {
                "class": undefined,
              },
              "x-attribsPrefix": Object {
                "class": undefined,
              },
            },
            "type": "tag",
            "x-attribsNamespace": Object {
              "class": undefined,
            },
            "x-attribsPrefix": Object {
              "class": undefined,
            },
          },
          Node {
            "attribs": Object {
              "class": "ant-col ant-col-8",
            },
            "children": Array [
              Node {
                "attribs": Object {
                  "class": "mcs-metrics-column_title",
                },
                "children": Array [
                  Node {
                    "data": "TestMetric3",
                    "next": null,
                    "parent": [Circular],
                    "prev": null,
                    "type": "text",
                  },
                ],
                "name": "div",
                "namespace": "http://www.w3.org/1999/xhtml",
                "next": Node {
                  "attribs": Object {
                    "class": "mcs-metrics-column_metric",
                  },
                  "children": Array [
                    Node {
                      "data": "3",
                      "next": null,
                      "parent": [Circular],
                      "prev": null,
                      "type": "text",
                    },
                  ],
                  "name": "div",
                  "namespace": "http://www.w3.org/1999/xhtml",
                  "next": null,
                  "parent": [Circular],
                  "prev": [Circular],
                  "type": "tag",
                  "x-attribsNamespace": Object {
                    "class": undefined,
                  },
                  "x-attribsPrefix": Object {
                    "class": undefined,
                  },
                },
                "parent": [Circular],
                "prev": null,
                "type": "tag",
                "x-attribsNamespace": Object {
                  "class": undefined,
                },
                "x-attribsPrefix": Object {
                  "class": undefined,
                },
              },
              Node {
                "attribs": Object {
                  "class": "mcs-metrics-column_metric",
                },
                "children": Array [
                  Node {
                    "data": "3",
                    "next": null,
                    "parent": [Circular],
                    "prev": null,
                    "type": "text",
                  },
                ],
                "name": "div",
                "namespace": "http://www.w3.org/1999/xhtml",
                "next": null,
                "parent": [Circular],
                "prev": Node {
                  "attribs": Object {
                    "class": "mcs-metrics-column_title",
                  },
                  "children": Array [
                    Node {
                      "data": "TestMetric3",
                      "next": null,
                      "parent": [Circular],
                      "prev": null,
                      "type": "text",
                    },
                  ],
                  "name": "div",
                  "namespace": "http://www.w3.org/1999/xhtml",
                  "next": [Circular],
                  "parent": [Circular],
                  "prev": null,
                  "type": "tag",
                  "x-attribsNamespace": Object {
                    "class": undefined,
                  },
                  "x-attribsPrefix": Object {
                    "class": undefined,
                  },
                },
                "type": "tag",
                "x-attribsNamespace": Object {
                  "class": undefined,
                },
                "x-attribsPrefix": Object {
                  "class": undefined,
                },
              },
            ],
            "name": "div",
            "namespace": "http://www.w3.org/1999/xhtml",
            "next": null,
            "parent": [Circular],
            "prev": Node {
              "attribs": Object {
                "class": "ant-col ant-col-8",
              },
              "children": Array [
                Node {
                  "attribs": Object {
                    "class": "mcs-metrics-column_title",
                  },
                  "children": Array [
                    Node {
                      "data": "TestMetric2",
                      "next": null,
                      "parent": [Circular],
                      "prev": null,
                      "type": "text",
                    },
                  ],
                  "name": "div",
                  "namespace": "http://www.w3.org/1999/xhtml",
                  "next": Node {
                    "attribs": Object {
                      "class": "mcs-metrics-column_metric",
                    },
                    "children": Array [
                      Node {
                        "data": "2",
                        "next": null,
                        "parent": [Circular],
                        "prev": null,
                        "type": "text",
                      },
                    ],
                    "name": "div",
                    "namespace": "http://www.w3.org/1999/xhtml",
                    "next": null,
                    "parent": [Circular],
                    "prev": [Circular],
                    "type": "tag",
                    "x-attribsNamespace": Object {
                      "class": undefined,
                    },
                    "x-attribsPrefix": Object {
                      "class": undefined,
                    },
                  },
                  "parent": [Circular],
                  "prev": null,
                  "type": "tag",
                  "x-attribsNamespace": Object {
                    "class": undefined,
                  },
                  "x-attribsPrefix": Object {
                    "class": undefined,
                  },
                },
                Node {
                  "attribs": Object {
                    "class": "mcs-metrics-column_metric",
                  },
                  "children": Array [
                    Node {
                      "data": "2",
                      "next": null,
                      "parent": [Circular],
                      "prev": null,
                      "type": "text",
                    },
                  ],
                  "name": "div",
                  "namespace": "http://www.w3.org/1999/xhtml",
                  "next": null,
                  "parent": [Circular],
                  "prev": Node {
                    "attribs": Object {
                      "class": "mcs-metrics-column_title",
                    },
                    "children": Array [
                      Node {
                        "data": "TestMetric2",
                        "next": null,
                        "parent": [Circular],
                        "prev": null,
                        "type": "text",
                      },
                    ],
                    "name": "div",
                    "namespace": "http://www.w3.org/1999/xhtml",
                    "next": [Circular],
                    "parent": [Circular],
                    "prev": null,
                    "type": "tag",
                    "x-attribsNamespace": Object {
                      "class": undefined,
                    },
                    "x-attribsPrefix": Object {
                      "class": undefined,
                    },
                  },
                  "type": "tag",
                  "x-attribsNamespace": Object {
                    "class": undefined,
                  },
                  "x-attribsPrefix": Object {
                    "class": undefined,
                  },
                },
              ],
              "name": "div",
              "namespace": "http://www.w3.org/1999/xhtml",
              "next": [Circular],
              "parent": [Circular],
              "prev": Node {
                "attribs": Object {
                  "class": "ant-col ant-col-8",
                },
                "children": Array [
                  Node {
                    "attribs": Object {
                      "class": "mcs-metrics-column_title",
                    },
                    "children": Array [
                      Node {
                        "data": "TestMetric1",
                        "next": null,
                        "parent": [Circular],
                        "prev": null,
                        "type": "text",
                      },
                    ],
                    "name": "div",
                    "namespace": "http://www.w3.org/1999/xhtml",
                    "next": Node {
                      "attribs": Object {
                        "class": "mcs-metrics-column_metric",
                      },
                      "children": Array [
                        Node {
                          "data": "1",
                          "next": null,
                          "parent": [Circular],
                          "prev": null,
                          "type": "text",
                        },
                      ],
                      "name": "div",
                      "namespace": "http://www.w3.org/1999/xhtml",
                      "next": null,
                      "parent": [Circular],
                      "prev": [Circular],
                      "type": "tag",
                      "x-attribsNamespace": Object {
                        "class": undefined,
                      },
                      "x-attribsPrefix": Object {
                        "class": undefined,
                      },
                    },
                    "parent": [Circular],
                    "prev": null,
                    "type": "tag",
                    "x-attribsNamespace": Object {
                      "class": undefined,
                    },
                    "x-attribsPrefix": Object {
                      "class": undefined,
                    },
                  },
                  Node {
                    "attribs": Object {
                      "class": "mcs-metrics-column_metric",
                    },
                    "children": Array [
                      Node {
                        "data": "1",
                        "next": null,
                        "parent": [Circular],
                        "prev": null,
                        "type": "text",
                      },
                    ],
                    "name": "div",
                    "namespace": "http://www.w3.org/1999/xhtml",
                    "next": null,
                    "parent": [Circular],
                    "prev": Node {
                      "attribs": Object {
                        "class": "mcs-metrics-column_title",
                      },
                      "children": Array [
                        Node {
                          "data": "TestMetric1",
                          "next": null,
                          "parent": [Circular],
                          "prev": null,
                          "type": "text",
                        },
                      ],
                      "name": "div",
                      "namespace": "http://www.w3.org/1999/xhtml",
                      "next": [Circular],
                      "parent": [Circular],
                      "prev": null,
                      "type": "tag",
                      "x-attribsNamespace": Object {
                        "class": undefined,
                      },
                      "x-attribsPrefix": Object {
                        "class": undefined,
                      },
                    },
                    "type": "tag",
                    "x-attribsNamespace": Object {
                      "class": undefined,
                    },
                    "x-attribsPrefix": Object {
                      "class": undefined,
                    },
                  },
                ],
                "name": "div",
                "namespace": "http://www.w3.org/1999/xhtml",
                "next": [Circular],
                "parent": [Circular],
                "prev": null,
                "type": "tag",
                "x-attribsNamespace": Object {
                  "class": undefined,
                },
                "x-attribsPrefix": Object {
                  "class": undefined,
                },
              },
              "type": "tag",
              "x-attribsNamespace": Object {
                "class": undefined,
              },
              "x-attribsPrefix": Object {
                "class": undefined,
              },
            },
            "type": "tag",
            "x-attribsNamespace": Object {
              "class": undefined,
            },
            "x-attribsPrefix": Object {
              "class": undefined,
            },
          },
        ],
        "name": "div",
        "namespace": "http://www.w3.org/1999/xhtml",
        "next": null,
        "parent": [Circular],
        "prev": null,
        "type": "tag",
        "x-attribsNamespace": Object {
          "class": undefined,
        },
        "x-attribsPrefix": Object {
          "class": undefined,
        },
      },
    ],
    "name": "div",
    "namespace": "http://www.w3.org/1999/xhtml",
    "next": null,
    "parent": Node {
      "children": Array [
        [Circular],
      ],
      "name": "root",
      "next": null,
      "parent": null,
      "prev": null,
      "type": "root",
    },
    "prev": null,
    "type": "tag",
    "x-attribsNamespace": Object {
      "class": undefined,
    },
    "x-attribsPrefix": Object {
      "class": undefined,
    },
  },
  "_root": [Circular],
  "length": 1,
  "options": Object {
    "decodeEntities": true,
    "xml": false,
  },
}
`;
