// Jest Snapshot v1, https://goo.gl/fbAQLP

exports[`renders the actionBar 1`] = `
<div
  className="ant-row ant-row-space-between ant-row-middle mcs-actionbar  "
  style={Object {}}
>
  <nav
    className="ant-breadcrumb mcs-breadcrumb"
  >
    <ol>
      <li>
        <span
          className="ant-breadcrumb-link"
        >
          <a
            href="https://www.google.fr"
          >
            Campaigns
          </a>
        </span>
        <span
          className="ant-breadcrumb-separator"
        >
          <span
            className="mcs-icon "
          >
            <i
              className="mcs-chevron-right"
              style={Object {}}
            />
          </span>
        </span>
      </li>
      <li>
        <span
          className="ant-breadcrumb-link"
        >
          <a
            href="https://www.github.fr"
          >
            Display
          </a>
        </span>
        <span
          className="ant-breadcrumb-separator"
        >
          <span
            className="mcs-icon "
          >
            <i
              className="mcs-chevron-right"
              style={Object {}}
            />
          </span>
        </span>
      </li>
    </ol>
  </nav>
  <div
    className="left-part-margin"
  />
</div>
`;
