// Jest Snapshot v1, https://goo.gl/fbAQLP

exports[`renders the FullScreenModal 1`] = `null`;
