// Jest Snapshot v1, https://goo.gl/fbAQLP

exports[`renders PopContainer components 1`] = `
<div>
  <h1>
    DatePicker
  </h1>
  <span
    id="ckr0m8gkw0000w0hq4r212w1u"
  >
    <div
      className="ant-picker"
      onClick={[Function]}
    >
      <div
        className="ant-picker-input"
      >
        <input
          autoComplete="off"
          disabled={false}
          onBlur={[Function]}
          onChange={[Function]}
          onFocus={[Function]}
          onKeyDown={[Function]}
          onMouseDown={[Function]}
          placeholder="Select date"
          readOnly={true}
          size={12}
          title=""
          value=""
        />
        <span
          className="ant-picker-suffix"
        >
          <span
            aria-label="calendar"
            className="anticon anticon-calendar"
            role="img"
          >
            <svg
              aria-hidden="true"
              data-icon="calendar"
              fill="currentColor"
              focusable="false"
              height="1em"
              viewBox="64 64 896 896"
              width="1em"
            >
              <path
                d="M880 184H712v-64c0-4.4-3.6-8-8-8h-56c-4.4 0-8 3.6-8 8v64H384v-64c0-4.4-3.6-8-8-8h-56c-4.4 0-8 3.6-8 8v64H144c-17.7 0-32 14.3-32 32v664c0 17.7 14.3 32 32 32h736c17.7 0 32-14.3 32-32V216c0-17.7-14.3-32-32-32zm-40 656H184V460h656v380zM184 392V256h128v48c0 4.4 3.6 8 8 8h56c4.4 0 8-3.6 8-8v-48h256v48c0 4.4 3.6 8 8 8h56c4.4 0 8-3.6 8-8v-48h128v136H184z"
              />
            </svg>
          </span>
        </span>
      </div>
    </div>
  </span>
  <div
    className="ant-divider ant-divider-horizontal"
    role="separator"
  />
  <h1>
    Dropdown
  </h1>
  <span
    id="ckr0m8gkw0000w0hq4r212w1u"
  >
    <a
      className="ant-dropdown-trigger ant-dropdown-link"
      onClick={[Function]}
      onMouseEnter={[Function]}
      onMouseLeave={[Function]}
    >
      Hover me 
      <span
        aria-label="down"
        className="anticon anticon-down"
        role="img"
      >
        <svg
          aria-hidden="true"
          data-icon="down"
          fill="currentColor"
          focusable="false"
          height="1em"
          viewBox="64 64 896 896"
          width="1em"
        >
          <path
            d="M884 256h-75c-5.1 0-9.9 2.5-12.9 6.6L512 654.2 227.9 262.6c-3-4.1-7.8-6.6-12.9-6.6h-75c-6.5 0-10.3 7.4-6.5 12.7l352.6 486.1c12.8 17.6 39 17.6 51.7 0l352.6-486.1c3.9-5.3.1-12.7-6.4-12.7z"
          />
        </svg>
      </span>
    </a>
  </span>
  <div
    className="ant-divider ant-divider-horizontal"
    role="separator"
  />
  <h1>
    Popover
  </h1>
  <span
    id="ckr0m8gkw0000w0hq4r212w1u"
  >
    <button
      className="ant-btn ant-btn-primary"
      disabled={false}
      onClick={[Function]}
      onMouseEnter={[Function]}
      onMouseLeave={[Function]}
      type="button"
    >
      <span>
        Hover me
      </span>
    </button>
  </span>
  <div
    className="ant-divider ant-divider-horizontal"
    role="separator"
  />
  <h1>
    Select
  </h1>
  <span
    id="ckr0m8gkw0000w0hq4r212w1u"
  >
    <div
      className="ant-select ant-select-single ant-select-show-arrow"
      onBlur={[Function]}
      onFocus={[Function]}
      onKeyDown={[Function]}
      onKeyUp={[Function]}
      onMouseDown={[Function]}
      style={
        Object {
          "width": 120,
        }
      }
    >
      <div
        className="ant-select-selector"
        onClick={[Function]}
        onMouseDown={[Function]}
      >
        <span
          className="ant-select-selection-search"
        >
          <input
            aria-activedescendant="rc_select_TEST_OR_SSR_list_0"
            aria-autocomplete="list"
            aria-controls="rc_select_TEST_OR_SSR_list"
            aria-haspopup="listbox"
            aria-owns="rc_select_TEST_OR_SSR_list"
            autoComplete="off"
            className="ant-select-selection-search-input"
            disabled={false}
            id="rc_select_TEST_OR_SSR"
            onChange={[Function]}
            onCompositionEnd={[Function]}
            onCompositionStart={[Function]}
            onKeyDown={[Function]}
            onMouseDown={[Function]}
            onPaste={[Function]}
            readOnly={true}
            role="combobox"
            style={
              Object {
                "opacity": 0,
              }
            }
            type="search"
            unselectable="on"
            value=""
          />
        </span>
        <span
          className="ant-select-selection-item"
          title="Lucy"
        >
          Lucy
        </span>
      </div>
      <span
        aria-hidden={true}
        className="ant-select-arrow"
        onMouseDown={[Function]}
        style={
          Object {
            "WebkitUserSelect": "none",
            "userSelect": "none",
          }
        }
        unselectable="on"
      >
        <span
          aria-label="down"
          className="anticon anticon-down ant-select-suffix"
          role="img"
        >
          <svg
            aria-hidden="true"
            data-icon="down"
            fill="currentColor"
            focusable="false"
            height="1em"
            viewBox="64 64 896 896"
            width="1em"
          >
            <path
              d="M884 256h-75c-5.1 0-9.9 2.5-12.9 6.6L512 654.2 227.9 262.6c-3-4.1-7.8-6.6-12.9-6.6h-75c-6.5 0-10.3 7.4-6.5 12.7l352.6 486.1c12.8 17.6 39 17.6 51.7 0l352.6-486.1c3.9-5.3.1-12.7-6.4-12.7z"
            />
          </svg>
        </span>
      </span>
    </div>
  </span>
</div>
`;
