// Jest Snapshot v1, https://goo.gl/fbAQLP

exports[`renders the progress 1`] = `
LoadedCheerio {
  "0": <div
    class="mcs-progress-wrapper "
  >
    <div
      class="mcs-progress-label"
    >
       % Test
    </div>
    <div
      class="mcs-progress"
    >
      <div
        class="mcs-progress-outer"
      >
        <div
          class="mcs-progress-inner"
        >
          <div
            class="mcs-progress-bg warning"
            style="width:66%;height:5px"
          />
        </div>
      </div>
    </div>
  </div>,
  "_root": LoadedCheerio {
    "0": Document {
      "children": Array [
        <html>
          <head />
          <body />
        </html>,
      ],
      "endIndex": null,
      "next": null,
      "parent": null,
      "prev": null,
      "startIndex": null,
      "type": "root",
      "x-mode": "quirks",
    },
    "_root": [Circular],
    "length": 1,
    "options": Object {
      "decodeEntities": true,
      "xml": false,
    },
  },
  "length": 1,
  "options": Object {
    "decodeEntities": true,
    "xml": false,
  },
}
`;
