// Jest Snapshot v1, https://goo.gl/fbAQLP

exports[`renders the tree select filter 1`] = `
<span
  className="mcs-treeSelectFilter"
  id="123"
>
  <div
    className="ant-select ant-tree-select ant-select-multiple ant-select-allow-clear"
    onBlur={[Function]}
    onFocus={[Function]}
    onKeyDown={[Function]}
    onKeyUp={[Function]}
    onMouseDown={[Function]}
  >
    <div
      className="ant-select-selector"
      onClick={[Function]}
      onMouseDown={[Function]}
    >
      <div
        className="ant-select-selection-overflow"
      >
        <div
          className="ant-select-selection-overflow-item ant-select-selection-overflow-item-suffix"
          style={
            Object {
              "height": undefined,
              "opacity": 1,
              "order": undefined,
              "overflowY": undefined,
              "pointerEvents": undefined,
              "position": undefined,
            }
          }
        >
          <div
            className="ant-select-selection-search"
            onBlur={[Function]}
            onFocus={[Function]}
            style={
              Object {
                "width": 0,
              }
            }
          >
            <input
              aria-autocomplete="list"
              aria-controls="undefined_list"
              aria-haspopup="listbox"
              aria-owns="undefined_list"
              autoComplete="off"
              className="ant-select-selection-search-input"
              disabled={false}
              onChange={[Function]}
              onCompositionEnd={[Function]}
              onCompositionStart={[Function]}
              onKeyDown={[Function]}
              onMouseDown={[Function]}
              onPaste={[Function]}
              readOnly={true}
              role="combobox"
              style={
                Object {
                  "opacity": 0,
                }
              }
              type="search"
              unselectable="on"
              value=""
            />
            <span
              aria-hidden={true}
              className="ant-select-selection-search-mirror"
            >
              
              Â 
            </span>
          </div>
        </div>
      </div>
      <span
        className="ant-select-selection-placeholder"
      >
        Hello
      </span>
    </div>
  </div>
</span>
`;
