// Jest Snapshot v1, https://goo.gl/fbAQLP

exports[`renders the BlurredModal 1`] = `null`;
