// Jest Snapshot v1, https://goo.gl/fbAQLP

exports[`renders the tabs 1`] = `
LoadedCheerio {
  "0": <div>
    <div
      class="ant-tabs ant-tabs-top mcs-tabs"
    >
      <div
        class="ant-tabs-nav"
        role="tablist"
      >
        <div
          class="ant-tabs-nav-wrap"
        >
          <div
            class="ant-tabs-nav-list"
            style="transform:translate(0px, 0px)"
          >
            <div
              class="ant-tabs-tab ant-tabs-tab-active"
            >
              <div
                aria-selected="true"
                class="ant-tabs-tab-btn"
                role="tab"
                tabindex="0"
              >
                <div
                  class="mcs-tabs_tab mcs-tabs_tab1 mcs-tabs_tab1"
                >
                  Tabun
                </div>
              </div>
            </div>
            <div
              class="ant-tabs-tab"
            >
              <div
                aria-selected="false"
                class="ant-tabs-tab-btn"
                role="tab"
                tabindex="0"
              >
                <div
                  class="mcs-tabs_tab mcs-tabs_tab2 mcs-tabs_tab2"
                >
                  Tabdeu
                </div>
              </div>
            </div>
            <div
              class="ant-tabs-tab"
            >
              <div
                aria-selected="false"
                class="ant-tabs-tab-btn"
                role="tab"
                tabindex="0"
              >
                <div
                  class="mcs-tabs_tab mcs-tabs_tab3 mcs-tabs_tab3"
                >
                  Tabtroi
                </div>
              </div>
            </div>
            <div
              class="ant-tabs-ink-bar ant-tabs-ink-bar-animated"
            />
          </div>
        </div>
        <div
          class="ant-tabs-nav-operations ant-tabs-nav-operations-hidden"
        >
          <button
            aria-controls="null-more-popup"
            aria-expanded="false"
            aria-haspopup="listbox"
            aria-hidden="true"
            class="ant-tabs-nav-more"
            id="null-more"
            style="visibility:hidden;order:1"
            tabindex="-1"
            type="button"
          >
            <span
              aria-label="ellipsis"
              class="anticon anticon-ellipsis"
              role="img"
            >
              <svg
                aria-hidden="true"
                data-icon="ellipsis"
                fill="currentColor"
                focusable="false"
                height="1em"
                viewBox="64 64 896 896"
                width="1em"
              >
                <path
                  d="M176 511a56 56 0 10112 0 56 56 0 10-112 0zm280 0a56 56 0 10112 0 56 56 0 10-112 0zm280 0a56 56 0 10112 0 56 56 0 10-112 0z"
                />
              </svg>
            </span>
          </button>
        </div>
      </div>
      <div
        class="ant-tabs-content-holder"
      >
        <div
          class="ant-tabs-content ant-tabs-content-top ant-tabs-content-animated"
        >
          <div
            aria-hidden="false"
            class="ant-tabs-tabpane ant-tabs-tabpane-active"
            role="tabpanel"
            tabindex="0"
          >
            <div>
              Content tab 1
            </div>
          </div>
        </div>
      </div>
    </div>
  </div>,
  "_root": LoadedCheerio {
    "0": Document {
      "children": Array [
        <html>
          <head />
          <body />
        </html>,
      ],
      "endIndex": null,
      "next": null,
      "parent": null,
      "prev": null,
      "startIndex": null,
      "type": "root",
      "x-mode": "quirks",
    },
    "_root": [Circular],
    "length": 1,
    "options": Object {
      "decodeEntities": true,
      "xml": false,
    },
  },
  "length": 1,
  "options": Object {
    "decodeEntities": true,
    "xml": false,
  },
}
`;
